// Vitest Snapshot v1, https://vitest.dev/guide/snapshot.html

exports[`App > should render users 1`] = `<div />`;

exports[`when there is only 1 user > should render users 1`] = `<div />`;
